// Jest Snapshot v1, https://goo.gl/fbAQLP

exports[`should render Dashboard correctly 1`] = `
<div>
  <Connect(RecipeFilter) />
  <Connect(RecipesList) />
</div>
`;
