// Jest Snapshot v1, https://goo.gl/fbAQLP

exports[`should render Header correctly 1`] = `
<div
  className="header"
>
  <div
    className="content-container"
  >
    <div
      className="header__content"
    >
      <Link
        className="header__title"
        replace={false}
        to="/dashboard"
      >
        <h1>
          Rico Cook
        </h1>
      </Link>
      <Link
        className="button button--link"
        replace={false}
        to="/admin"
      >
        Admin
      </Link>
      <button
        className="button button--link"
        onClick={[Function]}
      >
        Logout
      </button>
    </div>
  </div>
</div>
`;
